title;pages;sort title;artists;composers;collections;keys;years;side
Cover;1;Cover;ChordPro;;;;;
Front Matter;3-4;Front Matter;ChordPro;;;;;
Table of Contents;5-7;Table of Contents;ChordPro;;;;;
Song1;8-9;;;;;;;left
Song2;10-11;;;;;;;left
Song3;12-15;;;;;;;left
Song4;16-17;;;;;;;left
Back Matter;18;Back Matter;ChordPro;;;;;
