title;pages;sort title;artists;composers;collections;keys;years;side
Cover;1;Cover;ChordPro;;;;;
Front Matter;2-3;Front Matter;ChordPro;;;;;
Table of Contents;4-5;Table of Contents;ChordPro;;;;;
Song1;6;;;;;;;right
Song2;7-8;;;;;;;right
Song3;9-11;;;;;;;right
Song4;12;;;;;;;right
Back Matter;13;Back Matter;ChordPro;;;;;
