title;pages;sort title;artists;composers;collections;keys;years;side
Cover;1;Cover;ChordPro;;;;;
Front Matter;3-4;Front Matter;ChordPro;;;;;
Table of Contents;5-6;Table of Contents;ChordPro;;;;;
Song1;7;;;;;;;right
Song2;8-9;;;;;;;left
Song3;10-12;;;;;;;left
Song4;13;;;;;;;right
Back Matter;14;Back Matter;ChordPro;;;;;
