title;pages;sort title;artists;composers;collections;keys;years;side
Cover;1;Cover;ChordPro;;;;;
Front Matter;3-4;Front Matter;ChordPro;;;;;
Table of Contents;5-6;Table of Contents;ChordPro;;;;;
Song1;8;;;;;;;left
Song2;9-10;;;;;;;right
Song3;11-13;;;;;;;right
Song4;14;;;;;;;left
Back Matter;16;Back Matter;ChordPro;;;;;
