{title: Custom chord diagram display name}
{define: Am/C format "Am (Am/C)" base-fret 1 frets N 0 2 2 1 0 fingers x x 2 3 1 x diagram off}
{define: C6 format "Am (C6)" base-fret 1 frets N 0 2 2 1 0 fingers x x 2 3 1 x}
{define: Am format "Am (orig)" base-fret 1 frets N 0 2 2 1 0 fingers x x 2 3 1 x}
Main chord [Am]
Slash chord [Am/C]
Alternate chord [C6]

#{chord: Am base-fret 1 frets N 0 2 2 1 0 fingers x x 2 3 1 x}
#{chord: C6 base-fret 1 frets N 0 2 2 1 0 fingers x x 2 3 1 x}
