{title: Keys}
{key: D}
{define: D               base-fret  1    frets   X   X   0   2   3   2   }
{define: E               base-fret  1    frets   0   2   2   1   0   0   }
{comment: Key: , Actual: , From: }
{comment: Key: D, Actual: D, From: }
[D]Hi
{comment: Key: D, Actual: E, From: D}
[E]Hi
{comment: Key: D, Actual: D, From: }
[D]Hi
